Microchip MPLAB XC8 Compiler V1.38 ()

Linker command line:

--edf=C:\Program Files (x86)\Microchip\xc8\v1.38\dat\en_msgs.txt -cs \
  -h+dist/default/production\TP_STR.X.production.sym \
  --cmf=dist/default/production\TP_STR.X.production.cmf -z -Q18F87K22 \
  -oC:\Users\Franck\AppData\Local\Temp\sdbc.2 \
  -Mdist/default/production/TP_STR.X.production.map -E1 -ver=XC8 \
  -ASTACK=0642h-0f15h -pstack=STACK -ACODE=00h-01FFFFh -ACONST=00h-01FFFFh \
  -ASMALLCONST=01000h-010FFhx496 \
  -AMEDIUMCONST=01000h-0FFFFh,011000h-01FFFFh -ACOMRAM=01h-05Fh \
  -AABS1=00h-0F15h -ABIGRAM=01h-0F15h \
  -ARAM=060h-0FFh,0100h-01FFhx14,0F00h-0F15h -ABANK0=060h-0FFh \
  -ABANK1=0100h-01FFh -ABANK2=0200h-02FFh -ABANK3=0300h-03FFh \
  -ABANK4=0400h-04FFh -ABANK5=0500h-05FFh -ABANK6=0600h-06FFh \
  -ABANK7=0700h-07FFh -ABANK8=0800h-08FFh -ABANK9=0900h-09FFh \
  -ABANK10=0A00h-0AFFh -ABANK11=0B00h-0BFFh -ABANK12=0C00h-0CFFh \
  -ABANK13=0D00h-0DFFh -ABANK14=0E00h-0EFFh -ABANK15=0F00h-0F15h \
  -ASFR=0F16h-0F5Fh,0F60h-0FFFh \
  -preset_vec=00h,intcode=08h,intcodelo,powerup,init,end_init \
  -pramtop=01000h -psmallconst=SMALLCONST -pmediumconst=MEDIUMCONST \
  -pconst=CONST -AFARRAM=00h-00h -ACONFIG=0300000h-030000Dh -pconfig=CONFIG \
  -AIDLOC=0200000h-0200007h -pidloc=IDLOC -AEEDATA=0F00000h-0F003FFh \
  -peeprom_data=EEDATA \
  -prdata=COMRAM,nvrram=COMRAM,nvbit=COMRAM,rbss=COMRAM,rbit=COMRAM \
  -pfarbss=FARRAM,fardata=FARRAM,nvFARRAM=FARRAM \
  -pintsave_regs=BIGRAM,bigbss=BIGRAM,bigdata=BIGRAM -pbss=RAM \
  -pidata=CODE,irdata=CODE,ibigdata=CODE,ifardata=CODE -prparam=COMRAM \
  C:\Users\Franck\AppData\Local\Temp\sdbc.obj \
  dist/default/production\TP_STR.X.production.obj 

Object code version is 3.11

Machine type is 18F87K22

Call graph: (short form)




                Name                               Link     Load   Length Selector   Space Scale
C:\Users\Franck\AppData\Local\Temp\sdbc.obj
                stack                               642      642      8D4      642       2
                end_init                            346      346        4        4       0
                init                                342      342        4        4       0
                reset_vec                             0        0        4        0       0
                idloc                            200000   200000        8   200000       0
                config                           300000   300000        E   300000       0
dist/default/production\TP_STR.X.production.obj
                intcode                               8        8      33A        4       0
                temp                                 1D       1D        C        1       1
                smallconst                         1000     1000       9A      800       0
                text36                             209A     209A       22      84D       0
                text35                             1D36     1D36       52      84D       0
                text34                             2116     2116       1A      84D       0
                text33                             20FC     20FC       1A      84D       0
                text32                             1F00     1F00       3A      84D       0
                text31                             1DD8     1DD8       50      84D       0
                text30                             1FD2     1FD2       30      84D       0
                text29                             1FA2     1FA2       30      84D       0
                text28                             1F70     1F70       32      84D       0
                text27                             1C88     1C88       5C      84D       0
                text26                             1EC0     1EC0       40      84D       0
                text25                             1D88     1D88       50      84D       0
                text24                             2078     2078       22      84D       0
                text23                             2002     2002       2C      84D       0
                text22                             2056     2056       22      84D       0
                text21                             18BE     18BE       CC      84D       0
                text20                             1F3A     1F3A       36      84D       0
                text19                             1B94     1B94       84      84D       0
                text18                             1C18     1C18       70      84D       0
                text17                             1AEE     1AEE       A6      84D       0
                text16                             20DC     20DC       20      84D       0
                text15                             1E74     1E74       4C      84D       0
                text14                             109A     109A      310      84D       0
                text13                             1CE4     1CE4       52      84D       0
                text12                             2160     2160       18      84D       0
                text11                             1610     1610       F8      84D       0
                text10                             198A     198A       B6      84D       0
                text9                              17F0     17F0       CE      84D       0
                text8                              1708     1708       E8      84D       0
                text7                              2148     2148       18      84D       0
                text6                              1A40     1A40       AE      84D       0
                text5                              202E     202E       28      84D       0
                text3                              20BC     20BC       20      84D       0
                text2                              1E28     1E28       4C      84D       0
                text1                              13AA     13AA      266      84D       0
                cstackCOMRAM                          1        1       1C        1       1
                bssCOMRAM                            31       31        5        1       1
                cinit                              2178     2178       10      84D       0
                nvCOMRAM                             29       29        8        1       1
                text0                              2130     2130       18      84D       0

TOTAL           Name                               Link     Load   Length     Space
        CLASS   STACK          
                stack                               642      642      8D4         2

        CLASS   CODE           
                end_init                            346      346        4         0
                init                                342      342        4         0
                intcode                               8        8      33A         0
                reset_vec                             0        0        4         0
                text36                             209A     209A       22         0
                text35                             1D36     1D36       52         0
                text34                             2116     2116       1A         0
                text33                             20FC     20FC       1A         0
                text32                             1F00     1F00       3A         0
                text31                             1DD8     1DD8       50         0
                text30                             1FD2     1FD2       30         0
                text29                             1FA2     1FA2       30         0
                text28                             1F70     1F70       32         0
                text27                             1C88     1C88       5C         0
                text26                             1EC0     1EC0       40         0
                text25                             1D88     1D88       50         0
                text24                             2078     2078       22         0
                text23                             2002     2002       2C         0
                text22                             2056     2056       22         0
                text21                             18BE     18BE       CC         0
                text20                             1F3A     1F3A       36         0
                text19                             1B94     1B94       84         0
                text18                             1C18     1C18       70         0
                text17                             1AEE     1AEE       A6         0
                text16                             20DC     20DC       20         0
                text15                             1E74     1E74       4C         0
                text14                             109A     109A      310         0
                text13                             1CE4     1CE4       52         0
                text12                             2160     2160       18         0
                text11                             1610     1610       F8         0
                text10                             198A     198A       B6         0
                text9                              17F0     17F0       CE         0
                text8                              1708     1708       E8         0
                text7                              2148     2148       18         0
                text6                              1A40     1A40       AE         0
                text5                              202E     202E       28         0
                text3                              20BC     20BC       20         0
                text2                              1E28     1E28       4C         0
                text1                              13AA     13AA      266         0
                cinit                              2178     2178       10         0
                text0                              2130     2130       18         0

        CLASS   CONST          

        CLASS   SMALLCONST     
                smallconst                         1000     1000       9A         0

        CLASS   MEDIUMCONST    

        CLASS   COMRAM         
                temp                                 1D       1D        C         1
                cstackCOMRAM                          1        1       1C         1
                bssCOMRAM                            31       31        5         1
                nvCOMRAM                             29       29        8         1

        CLASS   ABS1           
                abs_s1                               60       60       21         1
                abs_s1                              100      100       42         1
                abs_s1                              103      103        1         1
                abs_s1                              200      200       42         1
                abs_s1                              203      203        1         1
                abs_s1                              300      300       42         1
                abs_s1                              303      303        1         1
                abs_s1                              400      400       42         1
                abs_s1                              403      403        1         1
                abs_s1                              500      500       42         1
                abs_s1                              503      503        1         1
                abs_s1                              600      600       42         1
                abs_s1                              603      603        1         1

        CLASS   BIGRAM         

        CLASS   RAM            

        CLASS   BANK0          

        CLASS   BANK1          

        CLASS   BANK2          

        CLASS   BANK3          

        CLASS   BANK4          

        CLASS   BANK5          

        CLASS   BANK6          

        CLASS   BANK7          

        CLASS   BANK8          

        CLASS   BANK9          

        CLASS   BANK10         

        CLASS   BANK11         

        CLASS   BANK12         

        CLASS   BANK13         

        CLASS   BANK14         

        CLASS   BANK15         

        CLASS   SFR            

        CLASS   FARRAM         

        CLASS   CONFIG         
                config                           300000   300000        E         0

        CLASS   IDLOC          
                idloc                            200000   200000        8         0

        CLASS   EEDATA         



SEGMENTS        Name                           Load    Length   Top    Selector   Space  Class

                reset_vec                      000000  000004  000004         0       0  CODE    
                cstackCOMRAM                   000001  000035  000036         1       1  COMRAM  
                intcode                        000008  000342  00034A         4       0  CODE    
                stack                          000642  0008D4  000F16       642       2  STACK   
                smallconst                     001000  00009A  00109A       800       0  SMALLCON
                text14                         00109A  0010EE  002188       84D       0  CODE    
                idloc                          200000  000008  200008    200000       0  IDLOC   
                config                         300000  00000E  30000E    300000       0  CONFIG  


UNUSED ADDRESS RANGES

        Name                Unused          Largest block    Delta
        BANK0            000081-0000FF               7F
        BANK1            000142-0001FF               BE
        BANK10           000A00-000AFF              100
        BANK11           000B00-000BFF              100
        BANK12           000C00-000CFF              100
        BANK13           000D00-000DFF              100
        BANK14           000E00-000EFF              100
        BANK15           000F00-000F15               16
        BANK2            000242-0002FF               BE
        BANK3            000342-0003FF               BE
        BANK4            000442-0004FF               BE
        BANK5            000542-0005FF               BE
        BANK6            000642-0006FF               BE
        BANK7            000700-0007FF              100
        BANK8            000800-0008FF              100
        BANK9            000900-0009FF              100
        BIGRAM           000036-00005F               2A
                         000081-0000FF               7F
                         000142-0001FF               BE
                         000242-0002FF               BE
                         000342-0003FF               BE
                         000442-0004FF               BE
                         000542-0005FF               BE
                         000642-000F15              8D4
        CODE             000004-000007                4
                         00034A-000FFF              CB6
                         002188-01FFFF            1DE78
        COMRAM           000036-00005F               2A
        CONST            000004-000007                4
                         00034A-000FFF              CB6
                         002188-01FFFF            1DE78
        EEDATA           F00000-F003FF              400
        MEDIUMCONST      002188-00FFFF             DE78
                         011000-01FFFF             F000
        RAM              000081-0000FF               7F
                         000142-0001FF               BE
                         000242-0002FF               BE
                         000342-0003FF               BE
                         000442-0004FF               BE
                         000542-0005FF               BE
                         000642-000F15              100
        SFR              000F16-000FFF               4A
        SMALLCONST       002188-01FFFF              100

                                  Symbol Table

?___awdiv                            cstackCOMRAM 000001
?___awmod                            cstackCOMRAM 000001
?___lwdiv                            cstackCOMRAM 000001
Init@sem                             cstackCOMRAM 00001C
_ADCON0                              (abs)        000FC2
_ADCON0bits                          (abs)        000FC2
_ADCON1                              (abs)        000FC1
_ADCON2                              (abs)        000FC0
_ADRESH                              (abs)        000FC4
_ADRESL                              (abs)        000FC3
_ANCON0                              (abs)        000F25
_ANCON0bits                          (abs)        000F25
_ANCON1                              (abs)        000F24
_ANCON1bits                          (abs)        000F24
_ANCON2                              (abs)        000F23
_BAUDCON1                            (abs)        000F65
_BSR                                 (abs)        000FE0
_BSR_TEMPORAIRE                      (abs)        000062
_DEMARRAGE                           (abs)        000065
_FSR0H                               (abs)        000FEA
_FSR0H_TEMPORAIRE                    (abs)        000063
_FSR0L                               (abs)        000FE9
_FSR0L_TEMPORAIRE                    (abs)        000064
_FSR1H                               (abs)        000FE2
_FSR1L                               (abs)        000FE1
_FSR2H                               (abs)        000FDA
_FSR2L                               (abs)        000FD9
_INTCON2bits                         (abs)        000FF1
_INTCONbits                          (abs)        000FF2
_Init                                text3        0020BC
_LATCbits                            (abs)        000F8B
_LATDbits                            (abs)        000F8C
_LATGbits                            (abs)        000F8F
_LATH                                (abs)        000F90
_LATJ                                (abs)        000F91
_LATJbits                            (abs)        000F91
_MEMCON                              (abs)        000F26
_PADCFG1bits                         (abs)        000F53
_PCLATH                              (abs)        000FFA
_PCLATU                              (abs)        000FFB
_PIR1bits                            (abs)        000F9E
_PORTBbits                           (abs)        000F81
_PORTDbits                           (abs)        000F83
_PORTEbits                           (abs)        000F84
_PORTH                               (abs)        000F87
_POSTINC0                            (abs)        000FEE
_POSTINC1                            (abs)        000FE6
_PRODH                               (abs)        000FF4
_PRODL                               (abs)        000FF3
_RCSTA1                              (abs)        000FAB
_RXTX_libre                          (abs)        000080
_SPBRG1                              (abs)        000FAF
_SPBRGH1                             (abs)        000FD4
_STATUS                              (abs)        000FD8
_STATUS_TEMPORAIRE                   (abs)        000061
_STKPTR                              (abs)        000FFC
_STKPTR_T1                           (abs)        000103
_STKPTR_T2                           (abs)        000203
_STKPTR_T3                           (abs)        000303
_STKPTR_T4                           (abs)        000403
_STKPTR_T5                           (abs)        000503
_STKPTR_T6                           (abs)        000603
_T0CON                               (abs)        000FD5
_T0CONbits                           (abs)        000FD5
_T0IE                                (abs)        007F95
_T0IF                                (abs)        007F92
_TABLAT                              (abs)        000FF5
_TBLPTRH                             (abs)        000FF7
_TBLPTRL                             (abs)        000FF6
_TBLPTRU                             (abs)        000FF8
_TMR0                                (abs)        000FD6
_TOSH                                (abs)        000FFE
_TOSL                                (abs)        000FFD
_TOSU                                (abs)        000FFF
_TP_appui                            (abs)        000066
_TP_x                                (abs)        000067
_TP_y                                (abs)        000068
_TRISCbits                           (abs)        000F94
_TRISDbits                           (abs)        000F95
_TRISGbits                           (abs)        000F98
_TRISH                               (abs)        000F99
_TRISJ                               (abs)        000F9A
_TXREG1                              (abs)        000FAD
_TXSTA1                              (abs)        000FAC
_TXSTA1bits                          (abs)        000FAC
_Tick_Count                          (abs)        000071
_Val_sem_cna                         bssCOMRAM    000034
_Val_sem_rxtx                        bssCOMRAM    000035
_WREG                                (abs)        000FE8
_W_TEMPORAIRE                        (abs)        000060
__CFG_ABW$MM                         (abs)        000000
__CFG_BBSIZ$BB1K                     (abs)        000000
__CFG_BOREN$OFF                      (abs)        000000
__CFG_BORPWR$ZPBORMV                 (abs)        000000
__CFG_BORV$0                         (abs)        000000
__CFG_BW$8                           (abs)        000000
__CFG_CCP2MX$PORTBE                  (abs)        000000
__CFG_CP0$OFF                        (abs)        000000
__CFG_CP1$OFF                        (abs)        000000
__CFG_CP2$OFF                        (abs)        000000
__CFG_CP3$OFF                        (abs)        000000
__CFG_CP4$OFF                        (abs)        000000
__CFG_CP5$OFF                        (abs)        000000
__CFG_CP6$OFF                        (abs)        000000
__CFG_CP7$OFF                        (abs)        000000
__CFG_CPB$OFF                        (abs)        000000
__CFG_CPD$OFF                        (abs)        000000
__CFG_DEBUG$OFF                      (abs)        000000
__CFG_EASHFT$OFF                     (abs)        000000
__CFG_EBRT0$OFF                      (abs)        000000
__CFG_EBRT1$OFF                      (abs)        000000
__CFG_EBRT2$OFF                      (abs)        000000
__CFG_EBRT3$OFF                      (abs)        000000
__CFG_EBRT4$OFF                      (abs)        000000
__CFG_EBRT5$OFF                      (abs)        000000
__CFG_EBRT6$OFF                      (abs)        000000
__CFG_EBRT7$OFF                      (abs)        000000
__CFG_EBRTB$OFF                      (abs)        000000
__CFG_ECCPMX$PORTH                   (abs)        000000
__CFG_FCMEN$OFF                      (abs)        000000
__CFG_FOSC$HS1                       (abs)        000000
__CFG_IESO$OFF                       (abs)        000000
__CFG_INTOSCSEL$HIGH                 (abs)        000000
__CFG_MCLRE$ON                       (abs)        000000
__CFG_MSSPMSK$MSK5                   (abs)        000000
__CFG_PLLCFG$ON                      (abs)        000000
__CFG_PWRTEN$OFF                     (abs)        000000
__CFG_RETEN$ON                       (abs)        000000
__CFG_RTCOSC$INTOSCREF               (abs)        000000
__CFG_SOSCSEL$DIG                    (abs)        000000
__CFG_STVREN$ON                      (abs)        000000
__CFG_WAIT$ON                        (abs)        000000
__CFG_WDTEN$OFF                      (abs)        000000
__CFG_WDTPS$1                        (abs)        000000
__CFG_WRT0$OFF                       (abs)        000000
__CFG_WRT1$OFF                       (abs)        000000
__CFG_WRT2$OFF                       (abs)        000000
__CFG_WRT3$OFF                       (abs)        000000
__CFG_WRT4$OFF                       (abs)        000000
__CFG_WRT5$OFF                       (abs)        000000
__CFG_WRT6$OFF                       (abs)        000000
__CFG_WRT7$OFF                       (abs)        000000
__CFG_WRTB$OFF                       (abs)        000000
__CFG_WRTC$OFF                       (abs)        000000
__CFG_WRTD$OFF                       (abs)        000000
__CFG_XINST$OFF                      (abs)        000000
__HRAM                               (abs)        000000
__Habs1                              abs1         000000
__Hbank0                             bank0        000000
__Hbank1                             bank1        000000
__Hbank10                            bank10       000000
__Hbank11                            bank11       000000
__Hbank12                            bank12       000000
__Hbank13                            bank13       000000
__Hbank14                            bank14       000000
__Hbank15                            bank15       000000
__Hbank2                             bank2        000000
__Hbank3                             bank3        000000
__Hbank4                             bank4        000000
__Hbank5                             bank5        000000
__Hbank6                             bank6        000000
__Hbank7                             bank7        000000
__Hbank8                             bank8        000000
__Hbank9                             bank9        000000
__Hbigbss                            bigbss       000000
__Hbigdata                           bigdata      000000
__Hbigram                            bigram       000000
__Hbss                               bss          000000
__HbssCOMRAM                         bssCOMRAM    000000
__Hcinit                             cinit        000000
__Hclrtext                           clrtext      000000
__Hcomram                            comram       000000
__Hconfig                            config       30000E
__Hconst                             const        000000
__HcstackCOMRAM                      cstackCOMRAM 000000
__Hdata                              data         000000
__Heeprom_data                       eeprom_data  000000
__Hend_init                          end_init     00034A
__Hfarbss                            farbss       000000
__Hfardata                           fardata      000000
__Hibigdata                          ibigdata     000000
__Hidata                             idata        000000
__Hidloc                             idloc        200008
__Hifardata                          ifardata     000000
__Hinit                              init         000346
__Hintcode                           intcode      000342
__Hintcode_body                      intcode_body 000000
__Hintcodelo                         intcodelo    000342
__Hintentry                          intentry     000000
__Hintret                            intret       000000
__Hintsave_regs                      intsave_regs 000000
__Hirdata                            irdata       000000
__Hmediumconst                       mediumconst  000000
__HnvCOMRAM                          nvCOMRAM     000000
__HnvFARRAM                          nvFARRAM     000000
__Hnvbit                             nvbit        000000
__Hnvrram                            nvrram       000000
__Hparam                             rparam       000000
__Hpowerup                           powerup      000342
__Hram                               ram          000000
__Hramtop                            ramtop       001000
__Hrbit                              rbit         000000
__Hrbss                              rbss         000000
__Hrdata                             rdata        000000
__Hreset_vec                         reset_vec    000004
__Hrparam                            rparam       000000
__Hsfr                               sfr          000000
__Hsmallconst                        smallconst   00109A
__Hspace_0                           (abs)        30000E
__Hspace_1                           (abs)        000036
__Hspace_2                           (abs)        000F16
__Hstack                             stack        000F16
__Hstruct                            struct       000000
__Htemp                              temp         000029
__Htext                              text         000000
__Htext0                             text0        000000
__Htext1                             text1        000000
__Htext10                            text10       000000
__Htext11                            text11       000000
__Htext12                            text12       000000
__Htext13                            text13       000000
__Htext14                            text14       000000
__Htext15                            text15       000000
__Htext16                            text16       000000
__Htext17                            text17       000000
__Htext18                            text18       000000
__Htext19                            text19       000000
__Htext2                             text2        000000
__Htext20                            text20       000000
__Htext21                            text21       000000
__Htext22                            text22       000000
__Htext23                            text23       000000
__Htext24                            text24       000000
__Htext25                            text25       000000
__Htext26                            text26       000000
__Htext27                            text27       000000
__Htext28                            text28       000000
__Htext29                            text29       000000
__Htext3                             text3        000000
__Htext30                            text30       000000
__Htext31                            text31       000000
__Htext32                            text32       000000
__Htext33                            text33       000000
__Htext34                            text34       000000
__Htext35                            text35       000000
__Htext36                            text36       000000
__Htext37                            text37       000000
__Htext5                             text5        000000
__Htext6                             text6        000000
__Htext7                             text7        000000
__Htext8                             text8        000000
__Htext9                             text9        000000
__LRAM                               (abs)        000001
__Labs1                              abs1         000000
__Lbank0                             bank0        000000
__Lbank1                             bank1        000000
__Lbank10                            bank10       000000
__Lbank11                            bank11       000000
__Lbank12                            bank12       000000
__Lbank13                            bank13       000000
__Lbank14                            bank14       000000
__Lbank15                            bank15       000000
__Lbank2                             bank2        000000
__Lbank3                             bank3        000000
__Lbank4                             bank4        000000
__Lbank5                             bank5        000000
__Lbank6                             bank6        000000
__Lbank7                             bank7        000000
__Lbank8                             bank8        000000
__Lbank9                             bank9        000000
__Lbigbss                            bigbss       000000
__Lbigdata                           bigdata      000000
__Lbigram                            bigram       000000
__Lbss                               bss          000000
__LbssCOMRAM                         bssCOMRAM    000000
__Lcinit                             cinit        000000
__Lclrtext                           clrtext      000000
__Lcomram                            comram       000000
__Lconfig                            config       300000
__Lconst                             const        000000
__LcstackCOMRAM                      cstackCOMRAM 000000
__Ldata                              data         000000
__Leeprom_data                       eeprom_data  000000
__Lend_init                          end_init     000346
__Lfarbss                            farbss       000000
__Lfardata                           fardata      000000
__Libigdata                          ibigdata     000000
__Lidata                             idata        000000
__Lidloc                             idloc        200000
__Lifardata                          ifardata     000000
__Linit                              init         000342
__Lintcode                           intcode      000008
__Lintcode_body                      intcode_body 000000
__Lintcodelo                         intcodelo    000342
__Lintentry                          intentry     000000
__Lintret                            intret       000000
__Lintsave_regs                      intsave_regs 000000
__Lirdata                            irdata       000000
__Lmediumconst                       mediumconst  000000
__LnvCOMRAM                          nvCOMRAM     000000
__LnvFARRAM                          nvFARRAM     000000
__Lnvbit                             nvbit        000000
__Lnvrram                            nvrram       000000
__Lparam                             rparam       000000
__Lpowerup                           powerup      000342
__Lram                               ram          000000
__Lramtop                            ramtop       001000
__Lrbit                              rbit         000000
__Lrbss                              rbss         000000
__Lrdata                             rdata        000000
__Lreset_vec                         reset_vec    000000
__Lrparam                            rparam       000000
__Lsfr                               sfr          000000
__Lsmallconst                        smallconst   001000
__Lspace_0                           (abs)        000000
__Lspace_1                           (abs)        000000
__Lspace_2                           (abs)        000000
__Lstack                             stack        000642
__Lstruct                            struct       000000
__Ltemp                              temp         00001D
__Ltext                              text         000000
__Ltext0                             text0        000000
__Ltext1                             text1        000000
__Ltext10                            text10       000000
__Ltext11                            text11       000000
__Ltext12                            text12       000000
__Ltext13                            text13       000000
__Ltext14                            text14       000000
__Ltext15                            text15       000000
__Ltext16                            text16       000000
__Ltext17                            text17       000000
__Ltext18                            text18       000000
__Ltext19                            text19       000000
__Ltext2                             text2        000000
__Ltext20                            text20       000000
__Ltext21                            text21       000000
__Ltext22                            text22       000000
__Ltext23                            text23       000000
__Ltext24                            text24       000000
__Ltext25                            text25       000000
__Ltext26                            text26       000000
__Ltext27                            text27       000000
__Ltext28                            text28       000000
__Ltext29                            text29       000000
__Ltext3                             text3        000000
__Ltext30                            text30       000000
__Ltext31                            text31       000000
__Ltext32                            text32       000000
__Ltext33                            text33       000000
__Ltext34                            text34       000000
__Ltext35                            text35       000000
__Ltext36                            text36       000000
__Ltext37                            text37       000000
__Ltext5                             text5        000000
__Ltext6                             text6        000000
__Ltext7                             text7        000000
__Ltext8                             text8        000000
__Ltext9                             text9        000000
__S0                                 (abs)        30000E
__S1                                 (abs)        000036
__S2                                 (abs)        000F16
___awdiv                             text19       001B94
___awdiv@counter                     cstackCOMRAM 000005
___awdiv@dividend                    cstackCOMRAM 000001
___awdiv@divisor                     cstackCOMRAM 000003
___awdiv@quotient                    cstackCOMRAM 000007
___awdiv@sign                        cstackCOMRAM 000006
___awmod                             text18       001C18
___awmod@counter                     cstackCOMRAM 000005
___awmod@dividend                    cstackCOMRAM 000001
___awmod@divisor                     cstackCOMRAM 000003
___awmod@sign                        cstackCOMRAM 000006
___inthi_sp                          stack        000934
___intlo_sp                          stack        000C25
___lwdiv                             text13       001CE4
___lwdiv@counter                     cstackCOMRAM 000007
___lwdiv@dividend                    cstackCOMRAM 000001
___lwdiv@divisor                     cstackCOMRAM 000003
___lwdiv@quotient                    cstackCOMRAM 000005
___param_bank                        (abs)        000010
___rparam_used                       (abs)        000001
___sp                                stack        000642
__accesstop                          (abs)        000060
__activetblptr                       (abs)        000003
__end_of_Init                        text3        0020DC
__end_of___awdiv                     text19       001C18
__end_of___awmod                     text18       001C88
__end_of___lwdiv                     text13       001D36
__end_of__initialization             cinit        002182
__end_of_check_status_ok             text23       00202E
__end_of_clear_graphics              text30       002002
__end_of_clear_text                  text29       001FD2
__end_of_command                     text22       002078
__end_of_d1command                   text32       001F3A
__end_of_d2command                   text31       001E28
__end_of_delai_us_char               text36       0020BC
__end_of_draw_char                   text28       001FA2
__end_of_draw_hex8                   text27       001CE4
__end_of_draw_string                 text26       001F00
__end_of_fonction_d_interruption     intcode      000342
__end_of_goto_lico                   text25       001DD8
__end_of_init_rxtx                   text24       00209A
__end_of_initialisation_afficheur    text21       00198A
__end_of_initialisation_des_ports    text2        001E74
__end_of_initialisation_du_systeme   text1        001610
__end_of_lecture_8bit_analogique     text20       001F70
__end_of_lecture_normale             text6        001AEE
__end_of_main                        text0        002148
__end_of_plot1                       text17       001B94
__end_of_stid_delai_us               text7        002160
__end_of_tache1                      text14       0013AA
__end_of_tache2                      text11       001708
__end_of_tache3                      text10       001A40
__end_of_tache4                      text9        0018BE
__end_of_tache5                      text8        0017F0
__end_of_tache6                      text5        002056
__end_of_tp_delai                    text12       002178
__end_of_wait_status_ok              text35       001D88
__end_of_write_c_aff                 text34       002130
__end_of_write_d_aff                 text33       002116
__end_ofi2_Init                      text16       0020FC
__end_ofi2_initialisation_des_ports  text15       001EC0
__initialization                     cinit        002178
__mediumconst                        mediumconst  000000
__pbssCOMRAM                         bssCOMRAM    000031
__pcinit                             cinit        002178
__pcstackCOMRAM                      cstackCOMRAM 000001
__pintcode                           intcode      000008
__pnvCOMRAM                          nvCOMRAM     000029
__psmallconst                        smallconst   001000
__ptext0                             text0        002130
__ptext1                             text1        0013AA
__ptext10                            text10       00198A
__ptext11                            text11       001610
__ptext12                            text12       002160
__ptext13                            text13       001CE4
__ptext14                            text14       00109A
__ptext15                            text15       001E74
__ptext16                            text16       0020DC
__ptext17                            text17       001AEE
__ptext18                            text18       001C18
__ptext19                            text19       001B94
__ptext2                             text2        001E28
__ptext20                            text20       001F3A
__ptext21                            text21       0018BE
__ptext22                            text22       002056
__ptext23                            text23       002002
__ptext24                            text24       002078
__ptext25                            text25       001D88
__ptext26                            text26       001EC0
__ptext27                            text27       001C88
__ptext28                            text28       001F70
__ptext29                            text29       001FA2
__ptext3                             text3        0020BC
__ptext30                            text30       001FD2
__ptext31                            text31       001DD8
__ptext32                            text32       001F00
__ptext33                            text33       0020FC
__ptext34                            text34       002116
__ptext35                            text35       001D36
__ptext36                            text36       00209A
__ptext37                            text37       000000
__ptext5                             text5        00202E
__ptext6                             text6        001A40
__ptext7                             text7        002148
__ptext8                             text8        001708
__ptext9                             text9        0017F0
__ramtop                             ramtop       001000
__size_of_Init                       (abs)        000000
__size_of___awdiv                    (abs)        000000
__size_of___awmod                    (abs)        000000
__size_of___lwdiv                    (abs)        000000
__size_of_check_status_ok            (abs)        000000
__size_of_clear_graphics             (abs)        000000
__size_of_clear_text                 (abs)        000000
__size_of_command                    (abs)        000000
__size_of_d1command                  (abs)        000000
__size_of_d2command                  (abs)        000000
__size_of_delai_us_char              (abs)        000000
__size_of_draw_char                  (abs)        000000
__size_of_draw_hex8                  (abs)        000000
__size_of_draw_string                (abs)        000000
__size_of_fonction_d_interruption    (abs)        000000
__size_of_goto_lico                  (abs)        000000
__size_of_init_rxtx                  (abs)        000000
__size_of_initialisation_afficheur   (abs)        000000
__size_of_initialisation_des_ports   (abs)        000000
__size_of_initialisation_du_systeme  (abs)        000000
__size_of_lecture_8bit_analogique    (abs)        000000
__size_of_lecture_normale            (abs)        000000
__size_of_main                       (abs)        000000
__size_of_plot1                      (abs)        000000
__size_of_stid_delai_us              (abs)        000000
__size_of_tache1                     (abs)        000000
__size_of_tache2                     (abs)        000000
__size_of_tache3                     (abs)        000000
__size_of_tache4                     (abs)        000000
__size_of_tache5                     (abs)        000000
__size_of_tache6                     (abs)        000000
__size_of_tp_delai                   (abs)        000000
__size_of_wait_status_ok             (abs)        000000
__size_of_write_c_aff                (abs)        000000
__size_of_write_d_aff                (abs)        000000
__size_ofi2_Init                     (abs)        000000
__size_ofi2_initialisation_des_ports (abs)        000000
__smallconst                         smallconst   001000
_badge                               (abs)        000075
_batterie                            (abs)        000074
_check_status_ok                     text23       002002
_clear_graphics                      text30       001FD2
_clear_text                          text29       001FA2
_command                             text22       002056
_contexte1                           (abs)        000100
_contexte2                           (abs)        000200
_contexte3                           (abs)        000300
_contexte4                           (abs)        000400
_contexte5                           (abs)        000500
_contexte6                           (abs)        000600
_d1command                           text32       001F00
_d2command                           text31       001DD8
_delai_us_char                       text36       00209A
_draw_char                           text28       001F70
_draw_hex8                           text27       001C88
_draw_string                         text26       001EC0
_fonction_d_interruption             intcode      000008
_fptr                                nvCOMRAM     000029
_goto_lico                           text25       001D88
_init_rxtx                           text24       002078
_initialisation_afficheur            text21       0018BE
_initialisation_des_ports            text2        001E28
_initialisation_du_systeme           text1        0013AA
_lecture_8bit_analogique             text20       001F3A
_lecture_normale                     text6        001A40
_main                                text0        002130
_n_octet_badge                       (abs)        00007F
_plot1                               text17       001AEE
_pointeur_de_tache                   (abs)        000070
_puc                                 nvCOMRAM     00002C
_queue                               (abs)        000069
_stid_delai_us                       text7        002148
_tache1                              text14       00109A
_tache2                              text11       001610
_tache3                              text10       00198A
_tache4                              text9        0017F0
_tache5                              text8        001708
_tache6                              text5        00202E
_tache_active                        (abs)        00006F
_tc                                  bssCOMRAM    000031
_tp_delai                            text12       002160
_val_tos                             nvCOMRAM     00002E
_vitesse                             (abs)        000073
_wait_status_ok                      text35       001D36
_write_c_aff                         text34       002116
_write_d_aff                         text33       0020FC
btemp                                temp         00001D
check_status_ok@res                  cstackCOMRAM 000001
clear_graphics@add                   cstackCOMRAM 000009
clear_text@add                       cstackCOMRAM 000009
command@cmd                          cstackCOMRAM 000006
command@res                          cstackCOMRAM 000005
d1command@cmd                        cstackCOMRAM 000005
d1command@d1                         cstackCOMRAM 000006
d1command@res                        cstackCOMRAM 000007
d2command@cmd                        cstackCOMRAM 000006
d2command@d1                         cstackCOMRAM 000007
d2command@d2                         cstackCOMRAM 000005
d2command@res                        cstackCOMRAM 000008
delai_us_char@ucdelai                cstackCOMRAM 000001
draw_char@dccar                      cstackCOMRAM 000008
draw_hex8@c                          cstackCOMRAM 000009
draw_hex8@octet                      cstackCOMRAM 000008
draw_string@tableau                  cstackCOMRAM 000008
end_of_initialization                cinit        002182
goto_lico@adr                        cstackCOMRAM 00000B
goto_lico@colonne                    cstackCOMRAM 000009
goto_lico@ligne                      cstackCOMRAM 00000A
i2Init@sem                           cstackCOMRAM 000001
i2_Init                              text16       0020DC
i2_initialisation_des_ports          text15       001E74
initialisation_afficheur@error_count cstackCOMRAM 000009
initialisation_du_systeme@temp       cstackCOMRAM 00001C
intlevel0                            text         000000
intlevel1                            text         000000
intlevel2                            text         000000
intlevel3                            text         000000
lecture_8bit_analogique@channel      cstackCOMRAM 000002
lecture_8bit_analogique@ret          cstackCOMRAM 000001
lecture_normale@n_bit                cstackCOMRAM 000007
lecture_normale@n_octet              cstackCOMRAM 000006
lecture_normale@octet                cstackCOMRAM 000008
lecture_normale@stid_id              cstackCOMRAM 000003
lecture_normale@temps_attente        cstackCOMRAM 000005
plot1@add                            cstackCOMRAM 00000A
plot1@x                              cstackCOMRAM 00000C
plot1@y                              cstackCOMRAM 000009
stackhi                              (abs)        000F15
stacklo                              (abs)        000642
start                                init         000342
start_initialization                 cinit        002178
stid_delai_us@isdu                   cstackCOMRAM 000001
tache1@i                             cstackCOMRAM 00000D
tache2@hx                            cstackCOMRAM 00000E
tache2@hy                            cstackCOMRAM 000010
tache2@ix                            cstackCOMRAM 00000A
tache2@iy                            cstackCOMRAM 00000C
tache2@lx                            cstackCOMRAM 00000F
tache2@ly                            cstackCOMRAM 000011
tache4@a                             cstackCOMRAM 000001
tache5@a                             cstackCOMRAM 000001
tache6@n                             cstackCOMRAM 000009
tp_delai@itpd                        cstackCOMRAM 000001
wait_status_ok@err                   cstackCOMRAM 000002
wait_status_ok@res                   cstackCOMRAM 000004
wait_status_ok@status                cstackCOMRAM 000003
write_c_aff@command                  cstackCOMRAM 000001
write_d_aff@data                     cstackCOMRAM 000001


FUNCTION INFORMATION:

 *************** function _main *****************
 Defined at:
		line 3 in file "main.c"
 Parameters:    Size  Location     Type
		None
 Auto vars:     Size  Location     Type
		None
 Return value:  Size  Location     Type
                  1    wreg      void 
 Registers used:
		wreg, fsr2l, fsr2h, status,2, status,0, prodl, prodh, cstack
 Tracked objects:
		On entry : 
		On exit  : 
		Unchanged: 
 Data sizes:     COMRAM   BANK0   BANK1   BANK2   BANK3   BANK4   BANK5   BANK6   BANK7   BANK8   BANK9  BANK10  BANK11  BANK12  BANK13  BANK14  BANK15
      Params:         0       0       0       0       0       0       0       0       0       0       0       0       0       0       0       0       0
      Locals:         0       0       0       0       0       0       0       0       0       0       0       0       0       0       0       0       0
      Temps:          0       0       0       0       0       0       0       0       0       0       0       0       0       0       0       0       0
      Totals:         0       0       0       0       0       0       0       0       0       0       0       0       0       0       0       0       0
Total ram usage:        0 bytes
 Hardware stack levels required when called:    7
 This function calls:
		_Init
		_initialisation_des_ports
		_initialisation_du_systeme
 This function is called by:
		Startup code after reset
 This function uses a non-reentrant model


 *************** function _initialisation_du_systeme *****************
 Defined at:
		line 131 in file "systeme.c"
 Parameters:    Size  Location     Type
		None
 Auto vars:     Size  Location     Type
  temp            1   27[COMRAM] unsigned char 
 Return value:  Size  Location     Type
                  1    wreg      void 
 Registers used:
		wreg, fsr2l, fsr2h, status,2, status,0, prodl, prodh
 Tracked objects:
		On entry : 
		On exit  : 
		Unchanged: 
 Data sizes:     COMRAM   BANK0   BANK1   BANK2   BANK3   BANK4   BANK5   BANK6   BANK7   BANK8   BANK9  BANK10  BANK11  BANK12  BANK13  BANK14  BANK15
      Params:         0       0       0       0       0       0       0       0       0       0       0       0       0       0       0       0       0
      Locals:         1       0       0       0       0       0       0       0       0       0       0       0       0       0       0       0       0
      Temps:          0       0       0       0       0       0       0       0       0       0       0       0       0       0       0       0       0
      Totals:         1       0       0       0       0       0       0       0       0       0       0       0       0       0       0       0       0
Total ram usage:        1 bytes
 Hardware stack levels used:    1
 Hardware stack levels required when called:    6
 This function calls:
		Nothing
 This function is called by:
		_main
 This function uses a non-reentrant model


 *************** function _initialisation_des_ports *****************
 Defined at:
		line 20 in file "main.c"
 Parameters:    Size  Location     Type
		None
 Auto vars:     Size  Location     Type
		None
 Return value:  Size  Location     Type
                  1    wreg      void 
 Registers used:
		wreg, status,2
 Tracked objects:
		On entry : 
		On exit  : 
		Unchanged: 
 Data sizes:     COMRAM   BANK0   BANK1   BANK2   BANK3   BANK4   BANK5   BANK6   BANK7   BANK8   BANK9  BANK10  BANK11  BANK12  BANK13  BANK14  BANK15
      Params:         0       0       0       0       0       0       0       0       0       0       0       0       0       0       0       0       0
      Locals:         0       0       0       0       0       0       0       0       0       0       0       0       0       0       0       0       0
      Temps:          0       0       0       0       0       0       0       0       0       0       0       0       0       0       0       0       0
      Totals:         0       0       0       0       0       0       0       0       0       0       0       0       0       0       0       0       0
Total ram usage:        0 bytes
 Hardware stack levels used:    1
 Hardware stack levels required when called:    6
 This function calls:
		Nothing
 This function is called by:
		_main
 This function uses a non-reentrant model


 *************** function _Init *****************
 Defined at:
		line 4 in file "semaphore.c"
 Parameters:    Size  Location     Type
  sem             1    wreg     unsigned char 
 Auto vars:     Size  Location     Type
  sem             1   27[COMRAM] unsigned char 
 Return value:  Size  Location     Type
                  1    wreg      void 
 Registers used:
		wreg, status,2, status,0
 Tracked objects:
		On entry : 
		On exit  : 
		Unchanged: 
 Data sizes:     COMRAM   BANK0   BANK1   BANK2   BANK3   BANK4   BANK5   BANK6   BANK7   BANK8   BANK9  BANK10  BANK11  BANK12  BANK13  BANK14  BANK15
      Params:         0       0       0       0       0       0       0       0       0       0       0       0       0       0       0       0       0
      Locals:         1       0       0       0       0       0       0       0       0       0       0       0       0       0       0       0       0
      Temps:          0       0       0       0       0       0       0       0       0       0       0       0       0       0       0       0       0
      Totals:         1       0       0       0       0       0       0       0       0       0       0       0       0       0       0       0       0
Total ram usage:        1 bytes
 Hardware stack levels used:    1
 Hardware stack levels required when called:    6
 This function calls:
		Nothing
 This function is called by:
		_main
 This function uses a non-reentrant model


 *************** function _fonction_d_interruption *****************
 Defined at:
		line 17 in file "systeme.c"
 Parameters:    Size  Location     Type
		None
 Auto vars:     Size  Location     Type
		None
 Return value:  Size  Location     Type
                  1    wreg      void 
 Registers used:
		wreg, fsr2l, fsr2h, status,2, status,0, tblptrl, tblptrh, tblptru, prodl, prodh, cstack
 Tracked objects:
		On entry : 
		On exit  : 
		Unchanged: 
 Data sizes:     COMRAM   BANK0   BANK1   BANK2   BANK3   BANK4   BANK5   BANK6   BANK7   BANK8   BANK9  BANK10  BANK11  BANK12  BANK13  BANK14  BANK15
      Params:         0       0       0       0       0       0       0       0       0       0       0       0       0       0       0       0       0
      Locals:         0       0       0       0       0       0       0       0       0       0       0       0       0       0       0       0       0
      Temps:         10       0       0       0       0       0       0       0       0       0       0       0       0       0       0       0       0
      Totals:        10       0       0       0       0       0       0       0       0       0       0       0       0       0       0       0       0
Total ram usage:       10 bytes
 Hardware stack levels used:    1
 Hardware stack levels required when called:    5
 This function calls:
		_tache1
		_tache2
		_tache3
		_tache4
		_tache5
		_tache6
 This function is called by:
		Interrupt level 2
 This function uses a non-reentrant model


 *************** function _tache6 *****************
 Defined at:
		line 3 in file "T6.c"
 Parameters:    Size  Location     Type
		None
 Auto vars:     Size  Location     Type
  n               1    8[COMRAM] unsigned char 
 Return value:  Size  Location     Type
                  1    wreg      void 
 Registers used:
		wreg, fsr2l, fsr2h, status,2, status,0, prodl, prodh, cstack
 Tracked objects:
		On entry : 
		On exit  : 
		Unchanged: 
 Data sizes:     COMRAM   BANK0   BANK1   BANK2   BANK3   BANK4   BANK5   BANK6   BANK7   BANK8   BANK9  BANK10  BANK11  BANK12  BANK13  BANK14  BANK15
      Params:         0       0       0       0       0       0       0       0       0       0       0       0       0       0       0       0       0
      Locals:         1       0       0       0       0       0       0       0       0       0       0       0       0       0       0       0       0
      Temps:          0       0       0       0       0       0       0       0       0       0       0       0       0       0       0       0       0
      Totals:         1       0       0       0       0       0       0       0       0       0       0       0       0       0       0       0       0
Total ram usage:        1 bytes
 Hardware stack levels used:    1
 Hardware stack levels required when called:    2
 This function calls:
		_lecture_normale
 This function is called by:
		_fonction_d_interruption
		_initialisation_du_systeme
 This function uses a non-reentrant model


 *************** function _lecture_normale *****************
 Defined at:
		line 5 in file "stid.c"
 Parameters:    Size  Location     Type
  stid_id         2    2[COMRAM] PTR unsigned char 
		 -> badge(10), 
 Auto vars:     Size  Location     Type
  octet           1    7[COMRAM] unsigned char 
  n_bit           1    6[COMRAM] unsigned char 
  n_octet         1    5[COMRAM] unsigned char 
  temps_attent    1    4[COMRAM] unsigned char 
 Return value:  Size  Location     Type
                  1    wreg      unsigned char 
 Registers used:
		wreg, fsr2l, fsr2h, status,2, status,0, prodl, prodh, cstack
 Tracked objects:
		On entry : 
		On exit  : 
		Unchanged: 
 Data sizes:     COMRAM   BANK0   BANK1   BANK2   BANK3   BANK4   BANK5   BANK6   BANK7   BANK8   BANK9  BANK10  BANK11  BANK12  BANK13  BANK14  BANK15
      Params:         2       0       0       0       0       0       0       0       0       0       0       0       0       0       0       0       0
      Locals:         4       0       0       0       0       0       0       0       0       0       0       0       0       0       0       0       0
      Temps:          0       0       0       0       0       0       0       0       0       0       0       0       0       0       0       0       0
      Totals:         6       0       0       0       0       0       0       0       0       0       0       0       0       0       0       0       0
Total ram usage:        6 bytes
 Hardware stack levels used:    1
 Hardware stack levels required when called:    1
 This function calls:
		_stid_delai_us
 This function is called by:
		_tache6
 This function uses a non-reentrant model


 *************** function _stid_delai_us *****************
 Defined at:
		line 56 in file "stid.c"
 Parameters:    Size  Location     Type
  isdu            2    0[COMRAM] unsigned int 
 Auto vars:     Size  Location     Type
		None
 Return value:  Size  Location     Type
                  1    wreg      void 
 Registers used:
		wreg, status,2, status,0
 Tracked objects:
		On entry : 
		On exit  : 
		Unchanged: 
 Data sizes:     COMRAM   BANK0   BANK1   BANK2   BANK3   BANK4   BANK5   BANK6   BANK7   BANK8   BANK9  BANK10  BANK11  BANK12  BANK13  BANK14  BANK15
      Params:         2       0       0       0       0       0       0       0       0       0       0       0       0       0       0       0       0
      Locals:         0       0       0       0       0       0       0       0       0       0       0       0       0       0       0       0       0
      Temps:          0       0       0       0       0       0       0       0       0       0       0       0       0       0       0       0       0
      Totals:         2       0       0       0       0       0       0       0       0       0       0       0       0       0       0       0       0
Total ram usage:        2 bytes
 Hardware stack levels used:    1
 This function calls:
		Nothing
 This function is called by:
		_lecture_normale
 This function uses a non-reentrant model


 *************** function _tache5 *****************
 Defined at:
		line 3 in file "T5.c"
 Parameters:    Size  Location     Type
		None
 Auto vars:     Size  Location     Type
  a               2    0[COMRAM] unsigned int 
 Return value:  Size  Location     Type
                  1    wreg      void 
 Registers used:
		wreg, status,2, status,0
 Tracked objects:
		On entry : 
		On exit  : 
		Unchanged: 
 Data sizes:     COMRAM   BANK0   BANK1   BANK2   BANK3   BANK4   BANK5   BANK6   BANK7   BANK8   BANK9  BANK10  BANK11  BANK12  BANK13  BANK14  BANK15
      Params:         0       0       0       0       0       0       0       0       0       0       0       0       0       0       0       0       0
      Locals:         2       0       0       0       0       0       0       0       0       0       0       0       0       0       0       0       0
      Temps:          0       0       0       0       0       0       0       0       0       0       0       0       0       0       0       0       0
      Totals:         2       0       0       0       0       0       0       0       0       0       0       0       0       0       0       0       0
Total ram usage:        2 bytes
 Hardware stack levels used:    1
 This function calls:
		Nothing
 This function is called by:
		_fonction_d_interruption
		_initialisation_du_systeme
 This function uses a non-reentrant model


 *************** function _tache4 *****************
 Defined at:
		line 3 in file "T4.c"
 Parameters:    Size  Location     Type
		None
 Auto vars:     Size  Location     Type
  a               2    0[COMRAM] unsigned int 
 Return value:  Size  Location     Type
                  1    wreg      void 
 Registers used:
		wreg, status,2, status,0
 Tracked objects:
		On entry : 
		On exit  : 
		Unchanged: 
 Data sizes:     COMRAM   BANK0   BANK1   BANK2   BANK3   BANK4   BANK5   BANK6   BANK7   BANK8   BANK9  BANK10  BANK11  BANK12  BANK13  BANK14  BANK15
      Params:         0       0       0       0       0       0       0       0       0       0       0       0       0       0       0       0       0
      Locals:         2       0       0       0       0       0       0       0       0       0       0       0       0       0       0       0       0
      Temps:          0       0       0       0       0       0       0       0       0       0       0       0       0       0       0       0       0
      Totals:         2       0       0       0       0       0       0       0       0       0       0       0       0       0       0       0       0
Total ram usage:        2 bytes
 Hardware stack levels used:    1
 This function calls:
		Nothing
 This function is called by:
		_fonction_d_interruption
		_initialisation_du_systeme
 This function uses a non-reentrant model


 *************** function _tache3 *****************
 Defined at:
		line 3 in file "T3.c"
 Parameters:    Size  Location     Type
		None
 Auto vars:     Size  Location     Type
		None
 Return value:  Size  Location     Type
                  1    wreg      void 
 Registers used:
		wreg, status,2, status,0
 Tracked objects:
		On entry : 
		On exit  : 
		Unchanged: 
 Data sizes:     COMRAM   BANK0   BANK1   BANK2   BANK3   BANK4   BANK5   BANK6   BANK7   BANK8   BANK9  BANK10  BANK11  BANK12  BANK13  BANK14  BANK15
      Params:         0       0       0       0       0       0       0       0       0       0       0       0       0       0       0       0       0
      Locals:         0       0       0       0       0       0       0       0       0       0       0       0       0       0       0       0       0
      Temps:          0       0       0       0       0       0       0       0       0       0       0       0       0       0       0       0       0
      Totals:         0       0       0       0       0       0       0       0       0       0       0       0       0       0       0       0       0
Total ram usage:        0 bytes
 Hardware stack levels used:    1
 This function calls:
		Nothing
 This function is called by:
		_fonction_d_interruption
		_initialisation_du_systeme
 This function uses a non-reentrant model


 *************** function _tache2 *****************
 Defined at:
		line 3 in file "T2.c"
 Parameters:    Size  Location     Type
		None
 Auto vars:     Size  Location     Type
  iy              2   11[COMRAM] unsigned int 
  ix              2    9[COMRAM] unsigned int 
  ly              1   16[COMRAM] unsigned char 
  hy              1   15[COMRAM] unsigned char 
  lx              1   14[COMRAM] unsigned char 
  hx              1   13[COMRAM] unsigned char 
 Return value:  Size  Location     Type
                  1    wreg      void 
 Registers used:
		wreg, status,2, status,0, cstack
 Tracked objects:
		On entry : 
		On exit  : 
		Unchanged: 
 Data sizes:     COMRAM   BANK0   BANK1   BANK2   BANK3   BANK4   BANK5   BANK6   BANK7   BANK8   BANK9  BANK10  BANK11  BANK12  BANK13  BANK14  BANK15
      Params:         0       0       0       0       0       0       0       0       0       0       0       0       0       0       0       0       0
      Locals:         8       0       0       0       0       0       0       0       0       0       0       0       0       0       0       0       0
      Temps:          2       0       0       0       0       0       0       0       0       0       0       0       0       0       0       0       0
      Totals:        10       0       0       0       0       0       0       0       0       0       0       0       0       0       0       0       0
Total ram usage:       10 bytes
 Hardware stack levels used:    1
 Hardware stack levels required when called:    1
 This function calls:
		___lwdiv
		_tp_delai
 This function is called by:
		_fonction_d_interruption
		_initialisation_du_systeme
 This function uses a non-reentrant model


 *************** function _tp_delai *****************
 Defined at:
		line 82 in file "T2.c"
 Parameters:    Size  Location     Type
  itpd            2    0[COMRAM] unsigned int 
 Auto vars:     Size  Location     Type
		None
 Return value:  Size  Location     Type
                  1    wreg      void 
 Registers used:
		wreg, status,2, status,0
 Tracked objects:
		On entry : 
		On exit  : 
		Unchanged: 
 Data sizes:     COMRAM   BANK0   BANK1   BANK2   BANK3   BANK4   BANK5   BANK6   BANK7   BANK8   BANK9  BANK10  BANK11  BANK12  BANK13  BANK14  BANK15
      Params:         2       0       0       0       0       0       0       0       0       0       0       0       0       0       0       0       0
      Locals:         0       0       0       0       0       0       0       0       0       0       0       0       0       0       0       0       0
      Temps:          0       0       0       0       0       0       0       0       0       0       0       0       0       0       0       0       0
      Totals:         2       0       0       0       0       0       0       0       0       0       0       0       0       0       0       0       0
Total ram usage:        2 bytes
 Hardware stack levels used:    1
 This function calls:
		Nothing
 This function is called by:
		_tache2
 This function uses a non-reentrant model


 *************** function ___lwdiv *****************
 Defined at:
		line 8 in file "C:\Program Files (x86)\Microchip\xc8\v1.38\sources\common\lwdiv.c"
 Parameters:    Size  Location     Type
  dividend        2    0[COMRAM] unsigned int 
  divisor         2    2[COMRAM] unsigned int 
 Auto vars:     Size  Location     Type
  quotient        2    4[COMRAM] unsigned int 
  counter         1    6[COMRAM] unsigned char 
 Return value:  Size  Location     Type
                  2    0[COMRAM] unsigned int 
 Registers used:
		wreg, status,2, status,0
 Tracked objects:
		On entry : 
		On exit  : 
		Unchanged: 
 Data sizes:     COMRAM   BANK0   BANK1   BANK2   BANK3   BANK4   BANK5   BANK6   BANK7   BANK8   BANK9  BANK10  BANK11  BANK12  BANK13  BANK14  BANK15
      Params:         4       0       0       0       0       0       0       0       0       0       0       0       0       0       0       0       0
      Locals:         3       0       0       0       0       0       0       0       0       0       0       0       0       0       0       0       0
      Temps:          0       0       0       0       0       0       0       0       0       0       0       0       0       0       0       0       0
      Totals:         7       0       0       0       0       0       0       0       0       0       0       0       0       0       0       0       0
Total ram usage:        7 bytes
 Hardware stack levels used:    1
 This function calls:
		Nothing
 This function is called by:
		_tache2
 This function uses a non-reentrant model


 *************** function _tache1 *****************
 Defined at:
		line 3 in file "T1.c"
 Parameters:    Size  Location     Type
		None
 Auto vars:     Size  Location     Type
  i               1   12[COMRAM] unsigned char 
 Return value:  Size  Location     Type
                  1    wreg      void 
 Registers used:
		wreg, fsr2l, fsr2h, status,2, status,0, tblptrl, tblptrh, tblptru, prodl, prodh, cstack
 Tracked objects:
		On entry : 
		On exit  : 
		Unchanged: 
 Data sizes:     COMRAM   BANK0   BANK1   BANK2   BANK3   BANK4   BANK5   BANK6   BANK7   BANK8   BANK9  BANK10  BANK11  BANK12  BANK13  BANK14  BANK15
      Params:         0       0       0       0       0       0       0       0       0       0       0       0       0       0       0       0       0
      Locals:         1       0       0       0       0       0       0       0       0       0       0       0       0       0       0       0       0
      Temps:          0       0       0       0       0       0       0       0       0       0       0       0       0       0       0       0       0
      Totals:         1       0       0       0       0       0       0       0       0       0       0       0       0       0       0       0       0
Total ram usage:        1 bytes
 Hardware stack levels used:    1
 Hardware stack levels required when called:    4
 This function calls:
		_clear_graphics
		_clear_text
		_draw_char
		_draw_hex8
		_draw_string
		_goto_lico
		_init_rxtx
		_initialisation_afficheur
		_lecture_8bit_analogique
		_plot1
		i2_Init
		i2_initialisation_des_ports
 This function is called by:
		_fonction_d_interruption
		_initialisation_du_systeme
 This function uses a non-reentrant model


 *************** function i2_initialisation_des_ports *****************
 Defined at:
		line 20 in file "main.c"
 Parameters:    Size  Location     Type
		None
 Auto vars:     Size  Location     Type
		None
 Return value:  Size  Location     Type
                  1    wreg      void 
 Registers used:
		wreg, status,2
 Tracked objects:
		On entry : 
		On exit  : 
		Unchanged: 
 Data sizes:     COMRAM   BANK0   BANK1   BANK2   BANK3   BANK4   BANK5   BANK6   BANK7   BANK8   BANK9  BANK10  BANK11  BANK12  BANK13  BANK14  BANK15
      Params:         0       0       0       0       0       0       0       0       0       0       0       0       0       0       0       0       0
      Locals:         0       0       0       0       0       0       0       0       0       0       0       0       0       0       0       0       0
      Temps:          0       0       0       0       0       0       0       0       0       0       0       0       0       0       0       0       0
      Totals:         0       0       0       0       0       0       0       0       0       0       0       0       0       0       0       0       0
Total ram usage:        0 bytes
 Hardware stack levels used:    1
 This function calls:
		Nothing
 This function is called by:
		_tache1
 This function uses a non-reentrant model


 *************** function i2_Init *****************
 Defined at:
		line 4 in file "semaphore.c"
 Parameters:    Size  Location     Type
  sem             1    wreg     unsigned char 
 Auto vars:     Size  Location     Type
  sem             1    0[COMRAM] unsigned char 
 Return value:  Size  Location     Type
                  1    wreg      void 
 Registers used:
		wreg, status,2, status,0
 Tracked objects:
		On entry : 
		On exit  : 
		Unchanged: 
 Data sizes:     COMRAM   BANK0   BANK1   BANK2   BANK3   BANK4   BANK5   BANK6   BANK7   BANK8   BANK9  BANK10  BANK11  BANK12  BANK13  BANK14  BANK15
      Params:         0       0       0       0       0       0       0       0       0       0       0       0       0       0       0       0       0
      Locals:         1       0       0       0       0       0       0       0       0       0       0       0       0       0       0       0       0
      Temps:          0       0       0       0       0       0       0       0       0       0       0       0       0       0       0       0       0
      Totals:         1       0       0       0       0       0       0       0       0       0       0       0       0       0       0       0       0
Total ram usage:        1 bytes
 Hardware stack levels used:    1
 This function calls:
		Nothing
 This function is called by:
		_tache1
 This function uses a non-reentrant model


 *************** function _plot1 *****************
 Defined at:
		line 320 in file "afficheur.c"
 Parameters:    Size  Location     Type
  x               1    wreg     unsigned char 
  y               1    8[COMRAM] unsigned char 
 Auto vars:     Size  Location     Type
  x               1   11[COMRAM] unsigned char 
  add             2    9[COMRAM] unsigned int 
 Return value:  Size  Location     Type
                  1    wreg      void 
 Registers used:
		wreg, status,2, status,0, prodl, prodh, cstack
 Tracked objects:
		On entry : 
		On exit  : 
		Unchanged: 
 Data sizes:     COMRAM   BANK0   BANK1   BANK2   BANK3   BANK4   BANK5   BANK6   BANK7   BANK8   BANK9  BANK10  BANK11  BANK12  BANK13  BANK14  BANK15
      Params:         1       0       0       0       0       0       0       0       0       0       0       0       0       0       0       0       0
      Locals:         3       0       0       0       0       0       0       0       0       0       0       0       0       0       0       0       0
      Temps:          0       0       0       0       0       0       0       0       0       0       0       0       0       0       0       0       0
      Totals:         4       0       0       0       0       0       0       0       0       0       0       0       0       0       0       0       0
Total ram usage:        4 bytes
 Hardware stack levels used:    1
 Hardware stack levels required when called:    3
 This function calls:
		___awdiv
		___awmod
		_command
		_d2command
 This function is called by:
		_tache1
 This function uses a non-reentrant model


 *************** function ___awmod *****************
 Defined at:
		line 8 in file "C:\Program Files (x86)\Microchip\xc8\v1.38\sources\common\awmod.c"
 Parameters:    Size  Location     Type
  dividend        2    0[COMRAM] int 
  divisor         2    2[COMRAM] int 
 Auto vars:     Size  Location     Type
  sign            1    5[COMRAM] unsigned char 
  counter         1    4[COMRAM] unsigned char 
 Return value:  Size  Location     Type
                  2    0[COMRAM] int 
 Registers used:
		wreg, status,2, status,0
 Tracked objects:
		On entry : 
		On exit  : 
		Unchanged: 
 Data sizes:     COMRAM   BANK0   BANK1   BANK2   BANK3   BANK4   BANK5   BANK6   BANK7   BANK8   BANK9  BANK10  BANK11  BANK12  BANK13  BANK14  BANK15
[...]
		 -> STR_12(10), STR_11(9), STR_10(6), STR_9(13), 
		 -> STR_8(11), STR_7(6), STR_6(7), STR_5(7), 
		 -> STR_4(3), STR_3(3), STR_2(3), STR_1(8), 
 Auto vars:     Size  Location     Type
		None
 Return value:  Size  Location     Type
                  1    wreg      void 
 Registers used:
		wreg, status,2, status,0, tblptrl, tblptrh, tblptru, cstack
 Tracked objects:
		On entry : 
		On exit  : 
		Unchanged: 
 Data sizes:     COMRAM   BANK0   BANK1   BANK2   BANK3   BANK4   BANK5   BANK6   BANK7   BANK8   BANK9  BANK10  BANK11  BANK12  BANK13  BANK14  BANK15
      Params:         2       0       0       0       0       0       0       0       0       0       0       0       0       0       0       0       0
      Locals:         0       0       0       0       0       0       0       0       0       0       0       0       0       0       0       0       0
      Temps:          0       0       0       0       0       0       0       0       0       0       0       0       0       0       0       0       0
      Totals:         2       0       0       0       0       0       0       0       0       0       0       0       0       0       0       0       0
Total ram usage:        2 bytes
 Hardware stack levels used:    1
 Hardware stack levels required when called:    3
 This function calls:
		_d1command
 This function is called by:
		_tache1
 This function uses a non-reentrant model


 *************** function _draw_hex8 *****************
 Defined at:
		line 253 in file "afficheur.c"
 Parameters:    Size  Location     Type
  octet           1    wreg     unsigned char 
 Auto vars:     Size  Location     Type
  octet           1    7[COMRAM] unsigned char 
  c               1    8[COMRAM] unsigned char 
 Return value:  Size  Location     Type
                  1    wreg      void 
 Registers used:
		wreg, status,2, status,0, cstack
 Tracked objects:
		On entry : 
		On exit  : 
		Unchanged: 
 Data sizes:     COMRAM   BANK0   BANK1   BANK2   BANK3   BANK4   BANK5   BANK6   BANK7   BANK8   BANK9  BANK10  BANK11  BANK12  BANK13  BANK14  BANK15
      Params:         0       0       0       0       0       0       0       0       0       0       0       0       0       0       0       0       0
      Locals:         2       0       0       0       0       0       0       0       0       0       0       0       0       0       0       0       0
      Temps:          0       0       0       0       0       0       0       0       0       0       0       0       0       0       0       0       0
      Totals:         2       0       0       0       0       0       0       0       0       0       0       0       0       0       0       0       0
Total ram usage:        2 bytes
 Hardware stack levels used:    1
 Hardware stack levels required when called:    3
 This function calls:
		_d1command
 This function is called by:
		_tache1
 This function uses a non-reentrant model


 *************** function _draw_char *****************
 Defined at:
		line 228 in file "afficheur.c"
 Parameters:    Size  Location     Type
  dccar           1    wreg     unsigned char 
 Auto vars:     Size  Location     Type
  dccar           1    7[COMRAM] unsigned char 
 Return value:  Size  Location     Type
                  1    wreg      void 
 Registers used:
		wreg, status,2, status,0, cstack
 Tracked objects:
		On entry : 
		On exit  : 
		Unchanged: 
 Data sizes:     COMRAM   BANK0   BANK1   BANK2   BANK3   BANK4   BANK5   BANK6   BANK7   BANK8   BANK9  BANK10  BANK11  BANK12  BANK13  BANK14  BANK15
      Params:         0       0       0       0       0       0       0       0       0       0       0       0       0       0       0       0       0
      Locals:         1       0       0       0       0       0       0       0       0       0       0       0       0       0       0       0       0
      Temps:          0       0       0       0       0       0       0       0       0       0       0       0       0       0       0       0       0
      Totals:         1       0       0       0       0       0       0       0       0       0       0       0       0       0       0       0       0
Total ram usage:        1 bytes
 Hardware stack levels used:    1
 Hardware stack levels required when called:    3
 This function calls:
		_d1command
 This function is called by:
		_tache1
 This function uses a non-reentrant model


 *************** function _clear_text *****************
 Defined at:
		line 287 in file "afficheur.c"
 Parameters:    Size  Location     Type
		None
 Auto vars:     Size  Location     Type
  add             2    8[COMRAM] unsigned int 
 Return value:  Size  Location     Type
                  1    wreg      void 
 Registers used:
		wreg, status,2, status,0, cstack
 Tracked objects:
		On entry : 
		On exit  : 
		Unchanged: 
 Data sizes:     COMRAM   BANK0   BANK1   BANK2   BANK3   BANK4   BANK5   BANK6   BANK7   BANK8   BANK9  BANK10  BANK11  BANK12  BANK13  BANK14  BANK15
      Params:         0       0       0       0       0       0       0       0       0       0       0       0       0       0       0       0       0
      Locals:         2       0       0       0       0       0       0       0       0       0       0       0       0       0       0       0       0
      Temps:          0       0       0       0       0       0       0       0       0       0       0       0       0       0       0       0       0
      Totals:         2       0       0       0       0       0       0       0       0       0       0       0       0       0       0       0       0
Total ram usage:        2 bytes
 Hardware stack levels used:    1
 Hardware stack levels required when called:    3
 This function calls:
		_d1command
		_d2command
 This function is called by:
		_tache1
 This function uses a non-reentrant model


 *************** function _clear_graphics *****************
 Defined at:
		line 298 in file "afficheur.c"
 Parameters:    Size  Location     Type
		None
 Auto vars:     Size  Location     Type
  add             2    8[COMRAM] unsigned int 
 Return value:  Size  Location     Type
                  1    wreg      void 
 Registers used:
		wreg, status,2, status,0, cstack
 Tracked objects:
		On entry : 
		On exit  : 
		Unchanged: 
 Data sizes:     COMRAM   BANK0   BANK1   BANK2   BANK3   BANK4   BANK5   BANK6   BANK7   BANK8   BANK9  BANK10  BANK11  BANK12  BANK13  BANK14  BANK15
      Params:         0       0       0       0       0       0       0       0       0       0       0       0       0       0       0       0       0
      Locals:         2       0       0       0       0       0       0       0       0       0       0       0       0       0       0       0       0
      Temps:          0       0       0       0       0       0       0       0       0       0       0       0       0       0       0       0       0
      Totals:         2       0       0       0       0       0       0       0       0       0       0       0       0       0       0       0       0
Total ram usage:        2 bytes
 Hardware stack levels used:    1
 Hardware stack levels required when called:    3
 This function calls:
		_d1command
		_d2command
 This function is called by:
		_tache1
 This function uses a non-reentrant model


 *************** function _d2command *****************
 Defined at:
		line 128 in file "afficheur.c"
 Parameters:    Size  Location     Type
  d1              1    wreg     unsigned char 
  d2              1    4[COMRAM] unsigned char 
  cmd             1    5[COMRAM] unsigned char 
 Auto vars:     Size  Location     Type
  d1              1    6[COMRAM] unsigned char 
  res             1    7[COMRAM] unsigned char 
 Return value:  Size  Location     Type
                  1    wreg      unsigned char 
 Registers used:
		wreg, status,2, status,0, cstack
 Tracked objects:
		On entry : 
		On exit  : 
		Unchanged: 
 Data sizes:     COMRAM   BANK0   BANK1   BANK2   BANK3   BANK4   BANK5   BANK6   BANK7   BANK8   BANK9  BANK10  BANK11  BANK12  BANK13  BANK14  BANK15
      Params:         2       0       0       0       0       0       0       0       0       0       0       0       0       0       0       0       0
      Locals:         2       0       0       0       0       0       0       0       0       0       0       0       0       0       0       0       0
      Temps:          0       0       0       0       0       0       0       0       0       0       0       0       0       0       0       0       0
      Totals:         4       0       0       0       0       0       0       0       0       0       0       0       0       0       0       0       0
Total ram usage:        4 bytes
 Hardware stack levels used:    1
 Hardware stack levels required when called:    2
 This function calls:
		_delai_us_char
		_wait_status_ok
		_write_c_aff
		_write_d_aff
 This function is called by:
		_initialisation_afficheur
		_goto_lico
		_clear_text
		_clear_graphics
		_plot1
		_clear_cgram
		_plot0
 This function uses a non-reentrant model


 *************** function _d1command *****************
 Defined at:
		line 106 in file "afficheur.c"
 Parameters:    Size  Location     Type
  d1              1    wreg     unsigned char 
  cmd             1    4[COMRAM] unsigned char 
 Auto vars:     Size  Location     Type
  d1              1    5[COMRAM] unsigned char 
  res             1    6[COMRAM] unsigned char 
 Return value:  Size  Location     Type
                  1    wreg      unsigned char 
 Registers used:
		wreg, status,2, status,0, cstack
 Tracked objects:
		On entry : 
		On exit  : 
		Unchanged: 
 Data sizes:     COMRAM   BANK0   BANK1   BANK2   BANK3   BANK4   BANK5   BANK6   BANK7   BANK8   BANK9  BANK10  BANK11  BANK12  BANK13  BANK14  BANK15
      Params:         1       0       0       0       0       0       0       0       0       0       0       0       0       0       0       0       0
      Locals:         2       0       0       0       0       0       0       0       0       0       0       0       0       0       0       0       0
      Temps:          0       0       0       0       0       0       0       0       0       0       0       0       0       0       0       0       0
      Totals:         3       0       0       0       0       0       0       0       0       0       0       0       0       0       0       0       0
Total ram usage:        3 bytes
 Hardware stack levels used:    1
 Hardware stack levels required when called:    2
 This function calls:
		_delai_us_char
		_wait_status_ok
		_write_c_aff
		_write_d_aff
 This function is called by:
		_initialisation_afficheur
		_draw_char
		_draw_string
		_draw_hex8
		_clear_text
		_clear_graphics
		_clear_cgram
 This function uses a non-reentrant model


 *************** function _write_d_aff *****************
 Defined at:
		line 4 in file "afficheur.c"
 Parameters:    Size  Location     Type
  data            1    wreg     unsigned char 
 Auto vars:     Size  Location     Type
  data            1    0[COMRAM] unsigned char 
 Return value:  Size  Location     Type
                  1    wreg      void 
 Registers used:
		wreg, status,2
 Tracked objects:
		On entry : 
		On exit  : 
		Unchanged: 
 Data sizes:     COMRAM   BANK0   BANK1   BANK2   BANK3   BANK4   BANK5   BANK6   BANK7   BANK8   BANK9  BANK10  BANK11  BANK12  BANK13  BANK14  BANK15
      Params:         0       0       0       0       0       0       0       0       0       0       0       0       0       0       0       0       0
      Locals:         1       0       0       0       0       0       0       0       0       0       0       0       0       0       0       0       0
      Temps:          0       0       0       0       0       0       0       0       0       0       0       0       0       0       0       0       0
      Totals:         1       0       0       0       0       0       0       0       0       0       0       0       0       0       0       0       0
Total ram usage:        1 bytes
 Hardware stack levels used:    1
 This function calls:
		Nothing
 This function is called by:
		_d1command
		_d2command
 This function uses a non-reentrant model


 *************** function _write_c_aff *****************
 Defined at:
		line 17 in file "afficheur.c"
 Parameters:    Size  Location     Type
  command         1    wreg     unsigned char 
 Auto vars:     Size  Location     Type
  command         1    0[COMRAM] unsigned char 
 Return value:  Size  Location     Type
                  1    wreg      void 
 Registers used:
		wreg, status,2
 Tracked objects:
		On entry : 
		On exit  : 
		Unchanged: 
 Data sizes:     COMRAM   BANK0   BANK1   BANK2   BANK3   BANK4   BANK5   BANK6   BANK7   BANK8   BANK9  BANK10  BANK11  BANK12  BANK13  BANK14  BANK15
      Params:         0       0       0       0       0       0       0       0       0       0       0       0       0       0       0       0       0
      Locals:         1       0       0       0       0       0       0       0       0       0       0       0       0       0       0       0       0
      Temps:          0       0       0       0       0       0       0       0       0       0       0       0       0       0       0       0       0
      Totals:         1       0       0       0       0       0       0       0       0       0       0       0       0       0       0       0       0
Total ram usage:        1 bytes
 Hardware stack levels used:    1
 This function calls:
		Nothing
 This function is called by:
		_command
		_d1command
		_d2command
 This function uses a non-reentrant model


 *************** function _wait_status_ok *****************
 Defined at:
		line 53 in file "afficheur.c"
 Parameters:    Size  Location     Type
		None
 Auto vars:     Size  Location     Type
  res             1    3[COMRAM] unsigned char 
  status          1    2[COMRAM] unsigned char 
  err             1    1[COMRAM] unsigned char 
 Return value:  Size  Location     Type
                  1    wreg      unsigned char 
 Registers used:
		wreg, status,2, status,0, cstack
 Tracked objects:
		On entry : 
		On exit  : 
		Unchanged: 
 Data sizes:     COMRAM   BANK0   BANK1   BANK2   BANK3   BANK4   BANK5   BANK6   BANK7   BANK8   BANK9  BANK10  BANK11  BANK12  BANK13  BANK14  BANK15
      Params:         0       0       0       0       0       0       0       0       0       0       0       0       0       0       0       0       0
      Locals:         3       0       0       0       0       0       0       0       0       0       0       0       0       0       0       0       0
      Temps:          0       0       0       0       0       0       0       0       0       0       0       0       0       0       0       0       0
      Totals:         3       0       0       0       0       0       0       0       0       0       0       0       0       0       0       0       0
Total ram usage:        3 bytes
 Hardware stack levels used:    1
 Hardware stack levels required when called:    1
 This function calls:
		_delai_us_char
 This function is called by:
		_command
		_d1command
		_d2command
 This function uses a non-reentrant model


 *************** function _delai_us_char *****************
 Defined at:
		line 154 in file "afficheur.c"
 Parameters:    Size  Location     Type
  ucdelai         1    wreg     unsigned char 
 Auto vars:     Size  Location     Type
  ucdelai         1    0[COMRAM] unsigned char 
 Return value:  Size  Location     Type
                  1    wreg      void 
 Registers used:
		wreg, status,2, status,0
 Tracked objects:
		On entry : 
		On exit  : 
		Unchanged: 
 Data sizes:     COMRAM   BANK0   BANK1   BANK2   BANK3   BANK4   BANK5   BANK6   BANK7   BANK8   BANK9  BANK10  BANK11  BANK12  BANK13  BANK14  BANK15
      Params:         0       0       0       0       0       0       0       0       0       0       0       0       0       0       0       0       0
      Locals:         1       0       0       0       0       0       0       0       0       0       0       0       0       0       0       0       0
      Temps:          0       0       0       0       0       0       0       0       0       0       0       0       0       0       0       0       0
      Totals:         1       0       0       0       0       0       0       0       0       0       0       0       0       0       0       0       0
Total ram usage:        1 bytes
 Hardware stack levels used:    1
 This function calls:
		Nothing
 This function is called by:
		_wait_status_ok
		_command
		_d1command
		_d2command
		_initialisation_afficheur
 This function uses a non-reentrant model



MODULE INFORMATION

Module		Function		Class		Link	Load	Size
T6.c
		_tache6        		CODE           	202E	0000	41

T6.c estimated size: 41

semaphore.c
		_Init          		CODE           	20BC	0000	33

semaphore.c estimated size: 33

T4.c
		_tache4        		CODE           	17F0	0000	207

T4.c estimated size: 207

afficheur.c
		_d2command     		CODE           	1DD8	0000	81
		_write_d_aff   		CODE           	20FC	0000	27
		_clear_text    		CODE           	1FA2	0000	49
		_initialisation_afficheur		CODE           	18BE	0000	205
		_write_c_aff   		CODE           	2116	0000	27
		_clear_graphics		CODE           	1FD2	0000	49
		_draw_hex8     		CODE           	1C88	0000	93
		_delai_us_char 		CODE           	209A	0000	35
		_draw_string   		CODE           	1EC0	0000	65
		_plot1         		CODE           	1AEE	0000	167
		_goto_lico     		CODE           	1D88	0000	81
		_command       		CODE           	2056	0000	35
		_wait_status_ok		CODE           	1D36	0000	83
		_draw_char     		CODE           	1F70	0000	51
		_d1command     		CODE           	1F00	0000	59
		_check_status_ok		CODE           	2002	0000	45

afficheur.c estimated size: 1152

C:\Program Files (x86)\Microchip\xc8\v1.38\sources\common\awmod.c
		___awmod       		CODE           	1C18	0000	113

C:\Program Files (x86)\Microchip\xc8\v1.38\sources\common\awmod.c estimated size: 113

T2.c
		_tache2        		CODE           	1610	0000	249
		_tp_delai      		CODE           	2160	0000	25

T2.c estimated size: 274

systeme.c
		_initialisation_du_systeme		CODE           	13AA	0000	615
		_fonction_d_interruption		CODE           	0008	0000	827

systeme.c estimated size: 1442

stid.c
		_lecture_normale		CODE           	1A40	0000	175
		_stid_delai_us 		CODE           	2148	0000	25

stid.c estimated size: 200

C:\Program Files (x86)\Microchip\xc8\v1.38\sources\common\lwdiv.c
		___lwdiv       		CODE           	1CE4	0000	83

C:\Program Files (x86)\Microchip\xc8\v1.38\sources\common\lwdiv.c estimated size: 83

C:\Program Files (x86)\Microchip\xc8\v1.38\sources\common\awdiv.c
		___awdiv       		CODE           	1B94	0000	133

C:\Program Files (x86)\Microchip\xc8\v1.38\sources\common\awdiv.c estimated size: 133

T5.c
		_tache5        		CODE           	1708	0000	233

T5.c estimated size: 233

T3.c
		_tache3        		CODE           	198A	0000	183

T3.c estimated size: 183

shared
		i2_Init        		CODE           	20DC	0000	33
		__initialization		CODE           	2178	0000	11
		i2_initialisation_des_ports		CODE           	1E74	0000	77

shared estimated size: 121

T1.c
		_tache1        		CODE           	109A	0000	785

T1.c estimated size: 785

rxtx.c
		_init_rxtx     		CODE           	2078	0000	35

rxtx.c estimated size: 35

main.c
		_initialisation_des_ports		CODE           	1E28	0000	77
		_main          		CODE           	2130	0000	25
		_lecture_8bit_analogique		CODE           	1F3A	0000	55

main.c estimated size: 157

